// Jest Snapshot v1, https://goo.gl/fbAQLP

exports[`Cities list should render correctly 1`] = `
<div>
  <div
    class="tabs"
  >
    <section
      class="locations container"
    >
      <ul
        class="locations__list tabs__list"
      >
        <li
          class="locations__item"
        >
          <a
            class="locations__item-link tabs__item tabs__item--active"
          >
            <span>
              Paris
            </span>
          </a>
        </li>
        <li
          class="locations__item"
        >
          <a
            class="locations__item-link tabs__item "
          >
            <span>
              Cologne
            </span>
          </a>
        </li>
        <li
          class="locations__item"
        >
          <a
            class="locations__item-link tabs__item "
          >
            <span>
              Brussels
            </span>
          </a>
        </li>
        <li
          class="locations__item"
        >
          <a
            class="locations__item-link tabs__item "
          >
            <span>
              Amsterdam
            </span>
          </a>
        </li>
        <li
          class="locations__item"
        >
          <a
            class="locations__item-link tabs__item "
          >
            <span>
              Hamburg
            </span>
          </a>
        </li>
        <li
          class="locations__item"
        >
          <a
            class="locations__item-link tabs__item "
          >
            <span>
              Dusseldorf
            </span>
          </a>
        </li>
      </ul>
    </section>
  </div>
</div>
`;
